running egg_info
creating build/auto_drive/auto_drive.egg-info
writing build/auto_drive/auto_drive.egg-info/PKG-INFO
writing dependency_links to build/auto_drive/auto_drive.egg-info/dependency_links.txt
writing entry points to build/auto_drive/auto_drive.egg-info/entry_points.txt
writing requirements to build/auto_drive/auto_drive.egg-info/requires.txt
writing top-level names to build/auto_drive/auto_drive.egg-info/top_level.txt
writing manifest file 'build/auto_drive/auto_drive.egg-info/SOURCES.txt'
reading manifest file 'build/auto_drive/auto_drive.egg-info/SOURCES.txt'
adding license file 'LICENSE'
writing manifest file 'build/auto_drive/auto_drive.egg-info/SOURCES.txt'
running build
running build_py
creating /home/jetson/f1tenth_ws/src/auto_drive/build/auto_drive/build/lib/auto_drive
copying auto_drive/test_invert.py -> /home/jetson/f1tenth_ws/src/auto_drive/build/auto_drive/build/lib/auto_drive
copying auto_drive/PP.py -> /home/jetson/f1tenth_ws/src/auto_drive/build/auto_drive/build/lib/auto_drive
copying auto_drive/kalman_filter.py -> /home/jetson/f1tenth_ws/src/auto_drive/build/auto_drive/build/lib/auto_drive
copying auto_drive/__init__.py -> /home/jetson/f1tenth_ws/src/auto_drive/build/auto_drive/build/lib/auto_drive
copying auto_drive/CBF.py -> /home/jetson/f1tenth_ws/src/auto_drive/build/auto_drive/build/lib/auto_drive
copying auto_drive/IP_ackermann.py -> /home/jetson/f1tenth_ws/src/auto_drive/build/auto_drive/build/lib/auto_drive
copying auto_drive/math.py -> /home/jetson/f1tenth_ws/src/auto_drive/build/auto_drive/build/lib/auto_drive
copying auto_drive/Model_Free_Node.py -> /home/jetson/f1tenth_ws/src/auto_drive/build/auto_drive/build/lib/auto_drive
copying auto_drive/test2.py -> /home/jetson/f1tenth_ws/src/auto_drive/build/auto_drive/build/lib/auto_drive
copying auto_drive/test_barriers.py -> /home/jetson/f1tenth_ws/src/auto_drive/build/auto_drive/build/lib/auto_drive
copying auto_drive/cbf_Node.py -> /home/jetson/f1tenth_ws/src/auto_drive/build/auto_drive/build/lib/auto_drive
running install
running install_lib
creating /home/jetson/f1tenth_ws/src/auto_drive/install/auto_drive/lib/python3.8/site-packages/auto_drive
copying /home/jetson/f1tenth_ws/src/auto_drive/build/auto_drive/build/lib/auto_drive/test_invert.py -> /home/jetson/f1tenth_ws/src/auto_drive/install/auto_drive/lib/python3.8/site-packages/auto_drive
copying /home/jetson/f1tenth_ws/src/auto_drive/build/auto_drive/build/lib/auto_drive/PP.py -> /home/jetson/f1tenth_ws/src/auto_drive/install/auto_drive/lib/python3.8/site-packages/auto_drive
copying /home/jetson/f1tenth_ws/src/auto_drive/build/auto_drive/build/lib/auto_drive/kalman_filter.py -> /home/jetson/f1tenth_ws/src/auto_drive/install/auto_drive/lib/python3.8/site-packages/auto_drive
copying /home/jetson/f1tenth_ws/src/auto_drive/build/auto_drive/build/lib/auto_drive/__init__.py -> /home/jetson/f1tenth_ws/src/auto_drive/install/auto_drive/lib/python3.8/site-packages/auto_drive
copying /home/jetson/f1tenth_ws/src/auto_drive/build/auto_drive/build/lib/auto_drive/CBF.py -> /home/jetson/f1tenth_ws/src/auto_drive/install/auto_drive/lib/python3.8/site-packages/auto_drive
copying /home/jetson/f1tenth_ws/src/auto_drive/build/auto_drive/build/lib/auto_drive/IP_ackermann.py -> /home/jetson/f1tenth_ws/src/auto_drive/install/auto_drive/lib/python3.8/site-packages/auto_drive
copying /home/jetson/f1tenth_ws/src/auto_drive/build/auto_drive/build/lib/auto_drive/math.py -> /home/jetson/f1tenth_ws/src/auto_drive/install/auto_drive/lib/python3.8/site-packages/auto_drive
copying /home/jetson/f1tenth_ws/src/auto_drive/build/auto_drive/build/lib/auto_drive/Model_Free_Node.py -> /home/jetson/f1tenth_ws/src/auto_drive/install/auto_drive/lib/python3.8/site-packages/auto_drive
copying /home/jetson/f1tenth_ws/src/auto_drive/build/auto_drive/build/lib/auto_drive/test2.py -> /home/jetson/f1tenth_ws/src/auto_drive/install/auto_drive/lib/python3.8/site-packages/auto_drive
copying /home/jetson/f1tenth_ws/src/auto_drive/build/auto_drive/build/lib/auto_drive/test_barriers.py -> /home/jetson/f1tenth_ws/src/auto_drive/install/auto_drive/lib/python3.8/site-packages/auto_drive
copying /home/jetson/f1tenth_ws/src/auto_drive/build/auto_drive/build/lib/auto_drive/cbf_Node.py -> /home/jetson/f1tenth_ws/src/auto_drive/install/auto_drive/lib/python3.8/site-packages/auto_drive
byte-compiling /home/jetson/f1tenth_ws/src/auto_drive/install/auto_drive/lib/python3.8/site-packages/auto_drive/test_invert.py to test_invert.cpython-38.pyc
byte-compiling /home/jetson/f1tenth_ws/src/auto_drive/install/auto_drive/lib/python3.8/site-packages/auto_drive/PP.py to PP.cpython-38.pyc
byte-compiling /home/jetson/f1tenth_ws/src/auto_drive/install/auto_drive/lib/python3.8/site-packages/auto_drive/kalman_filter.py to kalman_filter.cpython-38.pyc
byte-compiling /home/jetson/f1tenth_ws/src/auto_drive/install/auto_drive/lib/python3.8/site-packages/auto_drive/__init__.py to __init__.cpython-38.pyc
byte-compiling /home/jetson/f1tenth_ws/src/auto_drive/install/auto_drive/lib/python3.8/site-packages/auto_drive/CBF.py to CBF.cpython-38.pyc
byte-compiling /home/jetson/f1tenth_ws/src/auto_drive/install/auto_drive/lib/python3.8/site-packages/auto_drive/IP_ackermann.py to IP_ackermann.cpython-38.pyc
byte-compiling /home/jetson/f1tenth_ws/src/auto_drive/install/auto_drive/lib/python3.8/site-packages/auto_drive/math.py to math.cpython-38.pyc
byte-compiling /home/jetson/f1tenth_ws/src/auto_drive/install/auto_drive/lib/python3.8/site-packages/auto_drive/Model_Free_Node.py to Model_Free_Node.cpython-38.pyc
byte-compiling /home/jetson/f1tenth_ws/src/auto_drive/install/auto_drive/lib/python3.8/site-packages/auto_drive/test2.py to test2.cpython-38.pyc
byte-compiling /home/jetson/f1tenth_ws/src/auto_drive/install/auto_drive/lib/python3.8/site-packages/auto_drive/test_barriers.py to test_barriers.cpython-38.pyc
byte-compiling /home/jetson/f1tenth_ws/src/auto_drive/install/auto_drive/lib/python3.8/site-packages/auto_drive/cbf_Node.py to cbf_Node.cpython-38.pyc
running install_data
creating /home/jetson/f1tenth_ws/src/auto_drive/install/auto_drive/share/ament_index/resource_index/packages
copying resource/auto_drive -> /home/jetson/f1tenth_ws/src/auto_drive/install/auto_drive/share/ament_index/resource_index/packages
copying package.xml -> /home/jetson/f1tenth_ws/src/auto_drive/install/auto_drive/share/auto_drive
running install_egg_info
Copying build/auto_drive/auto_drive.egg-info to /home/jetson/f1tenth_ws/src/auto_drive/install/auto_drive/lib/python3.8/site-packages/auto_drive-0.0.0-py3.8.egg-info
running install_scripts
Installing Model_Free_Node script to /home/jetson/f1tenth_ws/src/auto_drive/install/auto_drive/lib/auto_drive
Installing cbf_Node script to /home/jetson/f1tenth_ws/src/auto_drive/install/auto_drive/lib/auto_drive
writing list of installed files to '/home/jetson/f1tenth_ws/src/auto_drive/build/auto_drive/install.log'
