/home/jetson/f1tenth_ws/src/auto_drive/install/auto_drive/lib/python3.8/site-packages/auto_drive/test_invert.py
/home/jetson/f1tenth_ws/src/auto_drive/install/auto_drive/lib/python3.8/site-packages/auto_drive/PP.py
/home/jetson/f1tenth_ws/src/auto_drive/install/auto_drive/lib/python3.8/site-packages/auto_drive/kalman_filter.py
/home/jetson/f1tenth_ws/src/auto_drive/install/auto_drive/lib/python3.8/site-packages/auto_drive/__init__.py
/home/jetson/f1tenth_ws/src/auto_drive/install/auto_drive/lib/python3.8/site-packages/auto_drive/CBF.py
/home/jetson/f1tenth_ws/src/auto_drive/install/auto_drive/lib/python3.8/site-packages/auto_drive/IP_ackermann.py
/home/jetson/f1tenth_ws/src/auto_drive/install/auto_drive/lib/python3.8/site-packages/auto_drive/math.py
/home/jetson/f1tenth_ws/src/auto_drive/install/auto_drive/lib/python3.8/site-packages/auto_drive/barrier_visualizer.py
/home/jetson/f1tenth_ws/src/auto_drive/install/auto_drive/lib/python3.8/site-packages/auto_drive/cbf_visualizer.py
/home/jetson/f1tenth_ws/src/auto_drive/install/auto_drive/lib/python3.8/site-packages/auto_drive/cbf_Node_refactored.py
/home/jetson/f1tenth_ws/src/auto_drive/install/auto_drive/lib/python3.8/site-packages/auto_drive/Model_Free_Node.py
/home/jetson/f1tenth_ws/src/auto_drive/install/auto_drive/lib/python3.8/site-packages/auto_drive/test2.py
/home/jetson/f1tenth_ws/src/auto_drive/install/auto_drive/lib/python3.8/site-packages/auto_drive/test_barriers.py
/home/jetson/f1tenth_ws/src/auto_drive/install/auto_drive/lib/python3.8/site-packages/auto_drive/CBF_refactored.py
/home/jetson/f1tenth_ws/src/auto_drive/install/auto_drive/lib/python3.8/site-packages/auto_drive/test_model_free_cbf.py
/home/jetson/f1tenth_ws/src/auto_drive/install/auto_drive/lib/python3.8/site-packages/auto_drive/cbf_Node.py
/home/jetson/f1tenth_ws/src/auto_drive/install/auto_drive/lib/python3.8/site-packages/auto_drive/__pycache__/test_invert.cpython-38.pyc
/home/jetson/f1tenth_ws/src/auto_drive/install/auto_drive/lib/python3.8/site-packages/auto_drive/__pycache__/PP.cpython-38.pyc
/home/jetson/f1tenth_ws/src/auto_drive/install/auto_drive/lib/python3.8/site-packages/auto_drive/__pycache__/kalman_filter.cpython-38.pyc
/home/jetson/f1tenth_ws/src/auto_drive/install/auto_drive/lib/python3.8/site-packages/auto_drive/__pycache__/__init__.cpython-38.pyc
/home/jetson/f1tenth_ws/src/auto_drive/install/auto_drive/lib/python3.8/site-packages/auto_drive/__pycache__/CBF.cpython-38.pyc
/home/jetson/f1tenth_ws/src/auto_drive/install/auto_drive/lib/python3.8/site-packages/auto_drive/__pycache__/IP_ackermann.cpython-38.pyc
/home/jetson/f1tenth_ws/src/auto_drive/install/auto_drive/lib/python3.8/site-packages/auto_drive/__pycache__/math.cpython-38.pyc
/home/jetson/f1tenth_ws/src/auto_drive/install/auto_drive/lib/python3.8/site-packages/auto_drive/__pycache__/barrier_visualizer.cpython-38.pyc
/home/jetson/f1tenth_ws/src/auto_drive/install/auto_drive/lib/python3.8/site-packages/auto_drive/__pycache__/cbf_visualizer.cpython-38.pyc
/home/jetson/f1tenth_ws/src/auto_drive/install/auto_drive/lib/python3.8/site-packages/auto_drive/__pycache__/cbf_Node_refactored.cpython-38.pyc
/home/jetson/f1tenth_ws/src/auto_drive/install/auto_drive/lib/python3.8/site-packages/auto_drive/__pycache__/Model_Free_Node.cpython-38.pyc
/home/jetson/f1tenth_ws/src/auto_drive/install/auto_drive/lib/python3.8/site-packages/auto_drive/__pycache__/test2.cpython-38.pyc
/home/jetson/f1tenth_ws/src/auto_drive/install/auto_drive/lib/python3.8/site-packages/auto_drive/__pycache__/test_barriers.cpython-38.pyc
/home/jetson/f1tenth_ws/src/auto_drive/install/auto_drive/lib/python3.8/site-packages/auto_drive/__pycache__/CBF_refactored.cpython-38.pyc
/home/jetson/f1tenth_ws/src/auto_drive/install/auto_drive/lib/python3.8/site-packages/auto_drive/__pycache__/test_model_free_cbf.cpython-38.pyc
/home/jetson/f1tenth_ws/src/auto_drive/install/auto_drive/lib/python3.8/site-packages/auto_drive/__pycache__/cbf_Node.cpython-38.pyc
/home/jetson/f1tenth_ws/src/auto_drive/install/auto_drive/share/ament_index/resource_index/packages/auto_drive
/home/jetson/f1tenth_ws/src/auto_drive/install/auto_drive/share/auto_drive/package.xml
/home/jetson/f1tenth_ws/src/auto_drive/install/auto_drive/lib/python3.8/site-packages/auto_drive-0.0.0-py3.8.egg-info/entry_points.txt
/home/jetson/f1tenth_ws/src/auto_drive/install/auto_drive/lib/python3.8/site-packages/auto_drive-0.0.0-py3.8.egg-info/SOURCES.txt
/home/jetson/f1tenth_ws/src/auto_drive/install/auto_drive/lib/python3.8/site-packages/auto_drive-0.0.0-py3.8.egg-info/dependency_links.txt
/home/jetson/f1tenth_ws/src/auto_drive/install/auto_drive/lib/python3.8/site-packages/auto_drive-0.0.0-py3.8.egg-info/zip-safe
/home/jetson/f1tenth_ws/src/auto_drive/install/auto_drive/lib/python3.8/site-packages/auto_drive-0.0.0-py3.8.egg-info/PKG-INFO
/home/jetson/f1tenth_ws/src/auto_drive/install/auto_drive/lib/python3.8/site-packages/auto_drive-0.0.0-py3.8.egg-info/requires.txt
/home/jetson/f1tenth_ws/src/auto_drive/install/auto_drive/lib/python3.8/site-packages/auto_drive-0.0.0-py3.8.egg-info/top_level.txt
/home/jetson/f1tenth_ws/src/auto_drive/install/auto_drive/lib/auto_drive/Model_Free_Node
/home/jetson/f1tenth_ws/src/auto_drive/install/auto_drive/lib/auto_drive/cbf_Node
/home/jetson/f1tenth_ws/src/auto_drive/install/auto_drive/lib/auto_drive/cbf_Node_refactored
/home/jetson/f1tenth_ws/src/auto_drive/install/auto_drive/lib/auto_drive/cbf_visualizer
