[1.454s] DEBUG:colcon:Command line arguments: ['/usr/bin/colcon', 'build', '--packages-select', 'auto_drive']
[1.455s] DEBUG:colcon:Parsed command line arguments: Namespace(allow_overriding=[], ament_cmake_args=None, base_paths=['.'], build_base='build', catkin_cmake_args=None, catkin_skip_building_tests=False, cmake_args=None, cmake_clean_cache=False, cmake_clean_first=False, cmake_force_configure=False, cmake_target=None, cmake_target_skip_unavailable=False, continue_on_error=False, event_handlers=None, executor='parallel', ignore_user_meta=False, install_base='install', log_base=None, log_level=None, main=<bound method BuildVerb.main of <colcon_core.verb.build.BuildVerb object at 0xffffbdd46610>>, merge_install=False, metas=['./colcon.meta'], mixin=None, mixin_files=None, mixin_verb=('build',), packages_above=None, packages_above_and_dependencies=None, packages_above_depth=None, packages_end=None, packages_ignore=None, packages_ignore_regex=None, packages_select=['auto_drive'], packages_select_build_failed=False, packages_select_by_dep=None, packages_select_regex=None, packages_select_test_failures=False, packages_skip=None, packages_skip_build_finished=False, packages_skip_by_dep=None, packages_skip_regex=None, packages_skip_test_passed=False, packages_skip_up_to=None, packages_start=None, packages_up_to=None, packages_up_to_regex=None, parallel_workers=6, paths=None, symlink_install=False, test_result_base=None, verb_extension=<colcon_core.verb.build.BuildVerb object at 0xffffbdd46610>, verb_name='build', verb_parser=<colcon_mixin.mixin.mixin_argument.MixinArgumentDecorator object at 0xffffbdbf6c40>)
[1.777s] Level 1:colcon.colcon_core.package_discovery:discover_packages(colcon_meta) check parameters
[1.778s] Level 1:colcon.colcon_core.package_discovery:discover_packages(recursive) check parameters
[1.778s] Level 1:colcon.colcon_core.package_discovery:discover_packages(ignore) check parameters
[1.778s] Level 1:colcon.colcon_core.package_discovery:discover_packages(path) check parameters
[1.779s] Level 1:colcon.colcon_core.package_discovery:discover_packages(colcon_meta) discover
[1.779s] Level 1:colcon.colcon_core.package_discovery:discover_packages(recursive) discover
[1.779s] INFO:colcon.colcon_core.package_discovery:Crawling recursively for packages in '/home/jetson/f1tenth_ws/src/auto_drive'
[1.780s] Level 1:colcon.colcon_core.package_identification:_identify(.) by extensions ['ignore', 'ignore_ament_install']
[1.780s] Level 1:colcon.colcon_core.package_identification:_identify(.) by extension 'ignore'
[1.781s] Level 1:colcon.colcon_core.package_identification:_identify(.) by extension 'ignore_ament_install'
[1.781s] Level 1:colcon.colcon_core.package_identification:_identify(.) by extensions ['colcon_pkg']
[1.781s] Level 1:colcon.colcon_core.package_identification:_identify(.) by extension 'colcon_pkg'
[1.782s] Level 1:colcon.colcon_core.package_identification:_identify(.) by extensions ['colcon_meta']
[1.782s] Level 1:colcon.colcon_core.package_identification:_identify(.) by extension 'colcon_meta'
[1.782s] Level 1:colcon.colcon_core.package_identification:_identify(.) by extensions ['ros']
[1.782s] Level 1:colcon.colcon_core.package_identification:_identify(.) by extension 'ros'
[1.890s] DEBUG:colcon.colcon_core.package_identification:Package '.' with type 'ros.ament_python' and name 'auto_drive'
[1.891s] Level 1:colcon.colcon_core.package_discovery:discover_packages(recursive) using defaults
[1.891s] Level 1:colcon.colcon_core.package_discovery:discover_packages(ignore) discover
[1.891s] Level 1:colcon.colcon_core.package_discovery:discover_packages(ignore) using defaults
[1.891s] Level 1:colcon.colcon_core.package_discovery:discover_packages(path) discover
[1.891s] Level 1:colcon.colcon_core.package_discovery:discover_packages(path) using defaults
[2.025s] Level 1:colcon.colcon_core.package_discovery:discover_packages(prefix_path) check parameters
[2.025s] Level 1:colcon.colcon_core.package_discovery:discover_packages(prefix_path) discover
[2.045s] DEBUG:colcon.colcon_installed_package_information.package_discovery:Found 12 installed packages in /home/jetson/f1tenth_ws/install
[2.057s] DEBUG:colcon.colcon_installed_package_information.package_discovery:Found 285 installed packages in /opt/ros/foxy
[2.068s] Level 1:colcon.colcon_core.package_discovery:discover_packages(prefix_path) using defaults
[2.448s] Level 5:colcon.colcon_core.verb:set package 'auto_drive' build argument 'cmake_args' from command line to 'None'
[2.448s] Level 5:colcon.colcon_core.verb:set package 'auto_drive' build argument 'cmake_target' from command line to 'None'
[2.448s] Level 5:colcon.colcon_core.verb:set package 'auto_drive' build argument 'cmake_target_skip_unavailable' from command line to 'False'
[2.449s] Level 5:colcon.colcon_core.verb:set package 'auto_drive' build argument 'cmake_clean_cache' from command line to 'False'
[2.449s] Level 5:colcon.colcon_core.verb:set package 'auto_drive' build argument 'cmake_clean_first' from command line to 'False'
[2.449s] Level 5:colcon.colcon_core.verb:set package 'auto_drive' build argument 'cmake_force_configure' from command line to 'False'
[2.449s] Level 5:colcon.colcon_core.verb:set package 'auto_drive' build argument 'ament_cmake_args' from command line to 'None'
[2.449s] Level 5:colcon.colcon_core.verb:set package 'auto_drive' build argument 'catkin_cmake_args' from command line to 'None'
[2.449s] Level 5:colcon.colcon_core.verb:set package 'auto_drive' build argument 'catkin_skip_building_tests' from command line to 'False'
[2.450s] DEBUG:colcon.colcon_core.verb:Building package 'auto_drive' with the following arguments: {'ament_cmake_args': None, 'build_base': '/home/jetson/f1tenth_ws/src/auto_drive/build/auto_drive', 'catkin_cmake_args': None, 'catkin_skip_building_tests': False, 'cmake_args': None, 'cmake_clean_cache': False, 'cmake_clean_first': False, 'cmake_force_configure': False, 'cmake_target': None, 'cmake_target_skip_unavailable': False, 'install_base': '/home/jetson/f1tenth_ws/src/auto_drive/install/auto_drive', 'merge_install': False, 'path': '/home/jetson/f1tenth_ws/src/auto_drive', 'symlink_install': False, 'test_result_base': None}
[2.451s] INFO:colcon.colcon_core.executor:Executing jobs using 'parallel' executor
[2.456s] DEBUG:colcon.colcon_parallel_executor.executor.parallel:run_until_complete
[2.457s] INFO:colcon.colcon_ros.task.ament_python.build:Building ROS package in '/home/jetson/f1tenth_ws/src/auto_drive' with build type 'ament_python'
[2.458s] Level 1:colcon.colcon_core.shell:create_environment_hook('auto_drive', 'ament_prefix_path')
[2.477s] INFO:colcon.colcon_core.plugin_system:Skipping extension 'colcon_core.shell.bat': Not used on non-Windows systems
[2.478s] INFO:colcon.colcon_core.shell:Creating environment hook '/home/jetson/f1tenth_ws/src/auto_drive/install/auto_drive/share/auto_drive/hook/ament_prefix_path.ps1'
[2.483s] INFO:colcon.colcon_core.shell:Creating environment descriptor '/home/jetson/f1tenth_ws/src/auto_drive/install/auto_drive/share/auto_drive/hook/ament_prefix_path.dsv'
[2.486s] INFO:colcon.colcon_core.shell:Creating environment hook '/home/jetson/f1tenth_ws/src/auto_drive/install/auto_drive/share/auto_drive/hook/ament_prefix_path.sh'
[2.492s] INFO:colcon.colcon_core.shell:Skip shell extension 'powershell' for command environment: Not usable outside of PowerShell
[2.492s] DEBUG:colcon.colcon_core.shell:Skip shell extension 'dsv' for command environment
[3.844s] INFO:colcon.colcon_core.task.python.build:Building Python package in '/home/jetson/f1tenth_ws/src/auto_drive'
[3.849s] INFO:colcon.colcon_core.shell:Skip shell extension 'powershell' for command environment: Not usable outside of PowerShell
[3.849s] DEBUG:colcon.colcon_core.shell:Skip shell extension 'dsv' for command environment
[7.334s] DEBUG:colcon.colcon_core.event_handler.log_command:Invoking command in '/home/jetson/f1tenth_ws/src/auto_drive': NX_CONNECTION=192.168.1.5 64501 192.168.1.12 4000 PYTHONPATH=/home/jetson/f1tenth_ws/src/auto_drive/build/auto_drive/prefix_override:/usr/lib/python3/dist-packages/colcon_core/task/python/colcon_distutils_commands:/home/jetson/f1tenth_ws/src/auto_drive/install/auto_drive/lib/python3.8/site-packages:${PYTHONPATH} /usr/bin/python3 -W ignore:setup.py install is deprecated -W ignore:easy_install command is deprecated setup.py egg_info --egg-base build/auto_drive build --build-base /home/jetson/f1tenth_ws/src/auto_drive/build/auto_drive/build install --record /home/jetson/f1tenth_ws/src/auto_drive/build/auto_drive/install.log --install-scripts $base/lib/auto_drive --single-version-externally-managed install_data
[10.438s] DEBUG:colcon.colcon_core.event_handler.log_command:Invoked command in '/home/jetson/f1tenth_ws/src/auto_drive' returned '0': NX_CONNECTION=192.168.1.5 64501 192.168.1.12 4000 PYTHONPATH=/home/jetson/f1tenth_ws/src/auto_drive/build/auto_drive/prefix_override:/usr/lib/python3/dist-packages/colcon_core/task/python/colcon_distutils_commands:/home/jetson/f1tenth_ws/src/auto_drive/install/auto_drive/lib/python3.8/site-packages:${PYTHONPATH} /usr/bin/python3 -W ignore:setup.py install is deprecated -W ignore:easy_install command is deprecated setup.py egg_info --egg-base build/auto_drive build --build-base /home/jetson/f1tenth_ws/src/auto_drive/build/auto_drive/build install --record /home/jetson/f1tenth_ws/src/auto_drive/build/auto_drive/install.log --install-scripts $base/lib/auto_drive --single-version-externally-managed install_data
[10.467s] Level 1:colcon.colcon_core.environment:checking '/home/jetson/f1tenth_ws/src/auto_drive/install/auto_drive' for CMake module files
[10.470s] Level 1:colcon.colcon_core.environment:checking '/home/jetson/f1tenth_ws/src/auto_drive/install/auto_drive' for CMake config files
[10.476s] Level 1:colcon.colcon_core.environment:checking '/home/jetson/f1tenth_ws/src/auto_drive/install/auto_drive/lib'
[10.477s] Level 1:colcon.colcon_core.environment:checking '/home/jetson/f1tenth_ws/src/auto_drive/install/auto_drive/bin'
[10.477s] Level 1:colcon.colcon_core.environment:checking '/home/jetson/f1tenth_ws/src/auto_drive/install/auto_drive/lib/pkgconfig/auto_drive.pc'
[10.479s] Level 1:colcon.colcon_core.environment:checking '/home/jetson/f1tenth_ws/src/auto_drive/install/auto_drive/lib/python3.8/site-packages'
[10.480s] Level 1:colcon.colcon_core.shell:create_environment_hook('auto_drive', 'pythonpath')
[10.481s] INFO:colcon.colcon_core.shell:Creating environment hook '/home/jetson/f1tenth_ws/src/auto_drive/install/auto_drive/share/auto_drive/hook/pythonpath.ps1'
[10.484s] INFO:colcon.colcon_core.shell:Creating environment descriptor '/home/jetson/f1tenth_ws/src/auto_drive/install/auto_drive/share/auto_drive/hook/pythonpath.dsv'
[10.486s] INFO:colcon.colcon_core.shell:Creating environment hook '/home/jetson/f1tenth_ws/src/auto_drive/install/auto_drive/share/auto_drive/hook/pythonpath.sh'
[10.489s] Level 1:colcon.colcon_core.environment:checking '/home/jetson/f1tenth_ws/src/auto_drive/install/auto_drive/bin'
[10.489s] Level 1:colcon.colcon_core.environment:create_environment_scripts_only(auto_drive)
[10.491s] INFO:colcon.colcon_core.shell:Creating package script '/home/jetson/f1tenth_ws/src/auto_drive/install/auto_drive/share/auto_drive/package.ps1'
[10.496s] INFO:colcon.colcon_core.shell:Creating package descriptor '/home/jetson/f1tenth_ws/src/auto_drive/install/auto_drive/share/auto_drive/package.dsv'
[10.500s] INFO:colcon.colcon_core.shell:Creating package script '/home/jetson/f1tenth_ws/src/auto_drive/install/auto_drive/share/auto_drive/package.sh'
[10.505s] INFO:colcon.colcon_core.shell:Creating package script '/home/jetson/f1tenth_ws/src/auto_drive/install/auto_drive/share/auto_drive/package.bash'
[10.511s] INFO:colcon.colcon_core.shell:Creating package script '/home/jetson/f1tenth_ws/src/auto_drive/install/auto_drive/share/auto_drive/package.zsh'
[10.516s] Level 1:colcon.colcon_core.environment:create_file_with_runtime_dependencies(/home/jetson/f1tenth_ws/src/auto_drive/install/auto_drive/share/colcon-core/packages/auto_drive)
[10.519s] DEBUG:colcon.colcon_parallel_executor.executor.parallel:closing loop
[10.521s] DEBUG:colcon.colcon_parallel_executor.executor.parallel:loop closed
[10.521s] DEBUG:colcon.colcon_parallel_executor.executor.parallel:run_until_complete finished with '0'
[10.522s] DEBUG:colcon.colcon_core.event_reactor:joining thread
[10.553s] INFO:colcon.colcon_core.plugin_system:Skipping extension 'colcon_notification.desktop_notification.terminal_notifier': Not used on non-Darwin systems
[10.554s] INFO:colcon.colcon_core.plugin_system:Skipping extension 'colcon_notification.desktop_notification.win32': Not used on non-Windows systems
[10.554s] INFO:colcon.colcon_notification.desktop_notification:Sending desktop notification using 'notify2'
[10.711s] DEBUG:colcon.colcon_core.event_reactor:joined thread
[10.713s] INFO:colcon.colcon_core.shell:Creating prefix script '/home/jetson/f1tenth_ws/src/auto_drive/install/local_setup.ps1'
[10.718s] INFO:colcon.colcon_core.shell:Creating prefix util module '/home/jetson/f1tenth_ws/src/auto_drive/install/_local_setup_util_ps1.py'
[10.726s] INFO:colcon.colcon_core.shell:Creating prefix chain script '/home/jetson/f1tenth_ws/src/auto_drive/install/setup.ps1'
[10.736s] INFO:colcon.colcon_core.shell:Creating prefix script '/home/jetson/f1tenth_ws/src/auto_drive/install/local_setup.sh'
[10.740s] INFO:colcon.colcon_core.shell:Creating prefix util module '/home/jetson/f1tenth_ws/src/auto_drive/install/_local_setup_util_sh.py'
[10.743s] INFO:colcon.colcon_core.shell:Creating prefix chain script '/home/jetson/f1tenth_ws/src/auto_drive/install/setup.sh'
[10.755s] INFO:colcon.colcon_core.shell:Creating prefix script '/home/jetson/f1tenth_ws/src/auto_drive/install/local_setup.bash'
[10.758s] INFO:colcon.colcon_core.shell:Creating prefix chain script '/home/jetson/f1tenth_ws/src/auto_drive/install/setup.bash'
[10.768s] INFO:colcon.colcon_core.shell:Creating prefix script '/home/jetson/f1tenth_ws/src/auto_drive/install/local_setup.zsh'
[10.771s] INFO:colcon.colcon_core.shell:Creating prefix chain script '/home/jetson/f1tenth_ws/src/auto_drive/install/setup.zsh'
