[1.240s] DEBUG:colcon:Command line arguments: ['/usr/bin/colcon', 'list', '-p', '--base-paths', '/home/jetson/f1tenth_ws']
[1.241s] DEBUG:colcon:Parsed command line arguments: Namespace(allow_overriding=[], base_paths=['/home/jetson/f1tenth_ws'], build_base='build', ignore_user_meta=False, log_base=None, log_level=None, main=<bound method ListVerb.main of <colcon_package_information.verb.list.ListVerb object at 0xffffaac478e0>>, metas=['./colcon.meta'], mixin=None, mixin_files=None, mixin_verb=('list',), names_only=False, packages_above=None, packages_above_and_dependencies=None, packages_above_depth=None, packages_end=None, packages_ignore=None, packages_ignore_regex=None, packages_select=None, packages_select_build_failed=False, packages_select_by_dep=None, packages_select_regex=None, packages_select_test_failures=False, packages_skip=None, packages_skip_build_finished=False, packages_skip_by_dep=None, packages_skip_regex=None, packages_skip_test_passed=False, packages_skip_up_to=None, packages_start=None, packages_up_to=None, packages_up_to_regex=None, paths=None, paths_only=True, topological_graph=False, topological_graph_density=False, topological_graph_dot=False, topological_graph_dot_cluster=False, topological_graph_dot_include_skipped=False, topological_graph_legend=False, topological_order=False, verb_extension=<colcon_package_information.verb.list.ListVerb object at 0xffffaac478e0>, verb_name='list', verb_parser=<colcon_mixin.mixin.mixin_argument.MixinArgumentDecorator object at 0xffffaab0c8e0>)
[1.533s] Level 1:colcon.colcon_core.package_discovery:discover_packages(colcon_meta) check parameters
[1.533s] Level 1:colcon.colcon_core.package_discovery:discover_packages(recursive) check parameters
[1.534s] Level 1:colcon.colcon_core.package_discovery:discover_packages(ignore) check parameters
[1.534s] Level 1:colcon.colcon_core.package_discovery:discover_packages(path) check parameters
[1.534s] Level 1:colcon.colcon_core.package_discovery:discover_packages(recursive) discover
[1.535s] INFO:colcon.colcon_core.package_discovery:Crawling recursively for packages in '/home/jetson/f1tenth_ws'
[1.536s] Level 1:colcon.colcon_core.package_identification:_identify(/home/jetson/f1tenth_ws) by extensions ['ignore', 'ignore_ament_install']
[1.537s] Level 1:colcon.colcon_core.package_identification:_identify(/home/jetson/f1tenth_ws) by extension 'ignore'
[1.537s] Level 1:colcon.colcon_core.package_identification:_identify(/home/jetson/f1tenth_ws) by extension 'ignore_ament_install'
[1.537s] Level 1:colcon.colcon_core.package_identification:_identify(/home/jetson/f1tenth_ws) by extensions ['colcon_pkg']
[1.538s] Level 1:colcon.colcon_core.package_identification:_identify(/home/jetson/f1tenth_ws) by extension 'colcon_pkg'
[1.538s] Level 1:colcon.colcon_core.package_identification:_identify(/home/jetson/f1tenth_ws) by extensions ['colcon_meta']
[1.538s] Level 1:colcon.colcon_core.package_identification:_identify(/home/jetson/f1tenth_ws) by extension 'colcon_meta'
[1.538s] Level 1:colcon.colcon_core.package_identification:_identify(/home/jetson/f1tenth_ws) by extensions ['ros']
[1.539s] Level 1:colcon.colcon_core.package_identification:_identify(/home/jetson/f1tenth_ws) by extension 'ros'
[1.631s] Level 1:colcon.colcon_core.package_identification:_identify(/home/jetson/f1tenth_ws) by extensions ['cmake', 'python']
[1.631s] Level 1:colcon.colcon_core.package_identification:_identify(/home/jetson/f1tenth_ws) by extension 'cmake'
[1.631s] Level 1:colcon.colcon_core.package_identification:_identify(/home/jetson/f1tenth_ws) by extension 'python'
[1.632s] Level 1:colcon.colcon_core.package_identification:_identify(/home/jetson/f1tenth_ws) by extensions ['python_setup_py']
[1.632s] Level 1:colcon.colcon_core.package_identification:_identify(/home/jetson/f1tenth_ws) by extension 'python_setup_py'
[1.633s] Level 1:colcon.colcon_core.package_identification:_identify(/home/jetson/f1tenth_ws/build) by extensions ['ignore', 'ignore_ament_install']
[1.633s] Level 1:colcon.colcon_core.package_identification:_identify(/home/jetson/f1tenth_ws/build) by extension 'ignore'
[1.634s] Level 1:colcon.colcon_core.package_identification:_identify(/home/jetson/f1tenth_ws/build) ignored
[1.635s] Level 1:colcon.colcon_core.package_identification:_identify(/home/jetson/f1tenth_ws/install) by extensions ['ignore', 'ignore_ament_install']
[1.635s] Level 1:colcon.colcon_core.package_identification:_identify(/home/jetson/f1tenth_ws/install) by extension 'ignore'
[1.635s] Level 1:colcon.colcon_core.package_identification:_identify(/home/jetson/f1tenth_ws/install) ignored
[1.638s] Level 1:colcon.colcon_core.package_identification:_identify(/home/jetson/f1tenth_ws/log) by extensions ['ignore', 'ignore_ament_install']
[1.638s] Level 1:colcon.colcon_core.package_identification:_identify(/home/jetson/f1tenth_ws/log) by extension 'ignore'
[1.639s] Level 1:colcon.colcon_core.package_identification:_identify(/home/jetson/f1tenth_ws/log) ignored
[1.639s] Level 1:colcon.colcon_core.package_identification:_identify(/home/jetson/f1tenth_ws/src) by extensions ['ignore', 'ignore_ament_install']
[1.640s] Level 1:colcon.colcon_core.package_identification:_identify(/home/jetson/f1tenth_ws/src) by extension 'ignore'
[1.640s] Level 1:colcon.colcon_core.package_identification:_identify(/home/jetson/f1tenth_ws/src) by extension 'ignore_ament_install'
[1.641s] Level 1:colcon.colcon_core.package_identification:_identify(/home/jetson/f1tenth_ws/src) by extensions ['colcon_pkg']
[1.641s] Level 1:colcon.colcon_core.package_identification:_identify(/home/jetson/f1tenth_ws/src) by extension 'colcon_pkg'
[1.641s] Level 1:colcon.colcon_core.package_identification:_identify(/home/jetson/f1tenth_ws/src) by extensions ['colcon_meta']
[1.641s] Level 1:colcon.colcon_core.package_identification:_identify(/home/jetson/f1tenth_ws/src) by extension 'colcon_meta'
[1.642s] Level 1:colcon.colcon_core.package_identification:_identify(/home/jetson/f1tenth_ws/src) by extensions ['ros']
[1.642s] Level 1:colcon.colcon_core.package_identification:_identify(/home/jetson/f1tenth_ws/src) by extension 'ros'
[1.643s] Level 1:colcon.colcon_core.package_identification:_identify(/home/jetson/f1tenth_ws/src) by extensions ['cmake', 'python']
[1.643s] Level 1:colcon.colcon_core.package_identification:_identify(/home/jetson/f1tenth_ws/src) by extension 'cmake'
[1.643s] Level 1:colcon.colcon_core.package_identification:_identify(/home/jetson/f1tenth_ws/src) by extension 'python'
[1.644s] Level 1:colcon.colcon_core.package_identification:_identify(/home/jetson/f1tenth_ws/src) by extensions ['python_setup_py']
[1.644s] Level 1:colcon.colcon_core.package_identification:_identify(/home/jetson/f1tenth_ws/src) by extension 'python_setup_py'
[1.645s] Level 1:colcon.colcon_core.package_identification:_identify(/home/jetson/f1tenth_ws/src/auto_drive) by extensions ['ignore', 'ignore_ament_install']
[1.645s] Level 1:colcon.colcon_core.package_identification:_identify(/home/jetson/f1tenth_ws/src/auto_drive) by extension 'ignore'
[1.646s] Level 1:colcon.colcon_core.package_identification:_identify(/home/jetson/f1tenth_ws/src/auto_drive) by extension 'ignore_ament_install'
[1.647s] Level 1:colcon.colcon_core.package_identification:_identify(/home/jetson/f1tenth_ws/src/auto_drive) by extensions ['colcon_pkg']
[1.648s] Level 1:colcon.colcon_core.package_identification:_identify(/home/jetson/f1tenth_ws/src/auto_drive) by extension 'colcon_pkg'
[1.648s] Level 1:colcon.colcon_core.package_identification:_identify(/home/jetson/f1tenth_ws/src/auto_drive) by extensions ['colcon_meta']
[1.648s] Level 1:colcon.colcon_core.package_identification:_identify(/home/jetson/f1tenth_ws/src/auto_drive) by extension 'colcon_meta'
[1.649s] Level 1:colcon.colcon_core.package_identification:_identify(/home/jetson/f1tenth_ws/src/auto_drive) by extensions ['ros']
[1.649s] Level 1:colcon.colcon_core.package_identification:_identify(/home/jetson/f1tenth_ws/src/auto_drive) by extension 'ros'
[1.662s] DEBUG:colcon.colcon_core.package_identification:Package '/home/jetson/f1tenth_ws/src/auto_drive' with type 'ros.ament_python' and name 'auto_drive'
[1.663s] Level 1:colcon.colcon_core.package_identification:_identify(/home/jetson/f1tenth_ws/src/build) by extensions ['ignore', 'ignore_ament_install']
[1.664s] Level 1:colcon.colcon_core.package_identification:_identify(/home/jetson/f1tenth_ws/src/build) by extension 'ignore'
[1.664s] Level 1:colcon.colcon_core.package_identification:_identify(/home/jetson/f1tenth_ws/src/build) ignored
[1.665s] Level 1:colcon.colcon_core.package_identification:_identify(/home/jetson/f1tenth_ws/src/f1tenth_system) by extensions ['ignore', 'ignore_ament_install']
[1.665s] Level 1:colcon.colcon_core.package_identification:_identify(/home/jetson/f1tenth_ws/src/f1tenth_system) by extension 'ignore'
[1.666s] Level 1:colcon.colcon_core.package_identification:_identify(/home/jetson/f1tenth_ws/src/f1tenth_system) by extension 'ignore_ament_install'
[1.666s] Level 1:colcon.colcon_core.package_identification:_identify(/home/jetson/f1tenth_ws/src/f1tenth_system) by extensions ['colcon_pkg']
[1.666s] Level 1:colcon.colcon_core.package_identification:_identify(/home/jetson/f1tenth_ws/src/f1tenth_system) by extension 'colcon_pkg'
[1.666s] Level 1:colcon.colcon_core.package_identification:_identify(/home/jetson/f1tenth_ws/src/f1tenth_system) by extensions ['colcon_meta']
[1.667s] Level 1:colcon.colcon_core.package_identification:_identify(/home/jetson/f1tenth_ws/src/f1tenth_system) by extension 'colcon_meta'
[1.667s] Level 1:colcon.colcon_core.package_identification:_identify(/home/jetson/f1tenth_ws/src/f1tenth_system) by extensions ['ros']
[1.667s] Level 1:colcon.colcon_core.package_identification:_identify(/home/jetson/f1tenth_ws/src/f1tenth_system) by extension 'ros'
[1.668s] Level 1:colcon.colcon_core.package_identification:_identify(/home/jetson/f1tenth_ws/src/f1tenth_system) by extensions ['cmake', 'python']
[1.668s] Level 1:colcon.colcon_core.package_identification:_identify(/home/jetson/f1tenth_ws/src/f1tenth_system) by extension 'cmake'
[1.669s] Level 1:colcon.colcon_core.package_identification:_identify(/home/jetson/f1tenth_ws/src/f1tenth_system) by extension 'python'
[1.670s] Level 1:colcon.colcon_core.package_identification:_identify(/home/jetson/f1tenth_ws/src/f1tenth_system) by extensions ['python_setup_py']
[1.670s] Level 1:colcon.colcon_core.package_identification:_identify(/home/jetson/f1tenth_ws/src/f1tenth_system) by extension 'python_setup_py'
[1.671s] Level 1:colcon.colcon_core.package_identification:_identify(/home/jetson/f1tenth_ws/src/f1tenth_system/ackermann_mux) by extensions ['ignore', 'ignore_ament_install']
[1.672s] Level 1:colcon.colcon_core.package_identification:_identify(/home/jetson/f1tenth_ws/src/f1tenth_system/ackermann_mux) by extension 'ignore'
[1.673s] Level 1:colcon.colcon_core.package_identification:_identify(/home/jetson/f1tenth_ws/src/f1tenth_system/ackermann_mux) by extension 'ignore_ament_install'
[1.673s] Level 1:colcon.colcon_core.package_identification:_identify(/home/jetson/f1tenth_ws/src/f1tenth_system/ackermann_mux) by extensions ['colcon_pkg']
[1.673s] Level 1:colcon.colcon_core.package_identification:_identify(/home/jetson/f1tenth_ws/src/f1tenth_system/ackermann_mux) by extension 'colcon_pkg'
[1.674s] Level 1:colcon.colcon_core.package_identification:_identify(/home/jetson/f1tenth_ws/src/f1tenth_system/ackermann_mux) by extensions ['colcon_meta']
[1.674s] Level 1:colcon.colcon_core.package_identification:_identify(/home/jetson/f1tenth_ws/src/f1tenth_system/ackermann_mux) by extension 'colcon_meta'
[1.674s] Level 1:colcon.colcon_core.package_identification:_identify(/home/jetson/f1tenth_ws/src/f1tenth_system/ackermann_mux) by extensions ['ros']
[1.674s] Level 1:colcon.colcon_core.package_identification:_identify(/home/jetson/f1tenth_ws/src/f1tenth_system/ackermann_mux) by extension 'ros'
[1.681s] DEBUG:colcon.colcon_core.package_identification:Package '/home/jetson/f1tenth_ws/src/f1tenth_system/ackermann_mux' with type 'ros.ament_cmake' and name 'ackermann_mux'
[1.682s] Level 1:colcon.colcon_core.package_identification:_identify(/home/jetson/f1tenth_ws/src/f1tenth_system/f1tenth_stack) by extensions ['ignore', 'ignore_ament_install']
[1.682s] Level 1:colcon.colcon_core.package_identification:_identify(/home/jetson/f1tenth_ws/src/f1tenth_system/f1tenth_stack) by extension 'ignore'
[1.682s] Level 1:colcon.colcon_core.package_identification:_identify(/home/jetson/f1tenth_ws/src/f1tenth_system/f1tenth_stack) by extension 'ignore_ament_install'
[1.683s] Level 1:colcon.colcon_core.package_identification:_identify(/home/jetson/f1tenth_ws/src/f1tenth_system/f1tenth_stack) by extensions ['colcon_pkg']
[1.683s] Level 1:colcon.colcon_core.package_identification:_identify(/home/jetson/f1tenth_ws/src/f1tenth_system/f1tenth_stack) by extension 'colcon_pkg'
[1.683s] Level 1:colcon.colcon_core.package_identification:_identify(/home/jetson/f1tenth_ws/src/f1tenth_system/f1tenth_stack) by extensions ['colcon_meta']
[1.683s] Level 1:colcon.colcon_core.package_identification:_identify(/home/jetson/f1tenth_ws/src/f1tenth_system/f1tenth_stack) by extension 'colcon_meta'
[1.684s] Level 1:colcon.colcon_core.package_identification:_identify(/home/jetson/f1tenth_ws/src/f1tenth_system/f1tenth_stack) by extensions ['ros']
[1.684s] Level 1:colcon.colcon_core.package_identification:_identify(/home/jetson/f1tenth_ws/src/f1tenth_system/f1tenth_stack) by extension 'ros'
[1.692s] DEBUG:colcon.colcon_core.package_identification:Package '/home/jetson/f1tenth_ws/src/f1tenth_system/f1tenth_stack' with type 'ros.ament_python' and name 'f1tenth_stack'
[1.693s] Level 1:colcon.colcon_core.package_identification:_identify(/home/jetson/f1tenth_ws/src/f1tenth_system/scripts) by extensions ['ignore', 'ignore_ament_install']
[1.693s] Level 1:colcon.colcon_core.package_identification:_identify(/home/jetson/f1tenth_ws/src/f1tenth_system/scripts) by extension 'ignore'
[1.694s] Level 1:colcon.colcon_core.package_identification:_identify(/home/jetson/f1tenth_ws/src/f1tenth_system/scripts) by extension 'ignore_ament_install'
[1.694s] Level 1:colcon.colcon_core.package_identification:_identify(/home/jetson/f1tenth_ws/src/f1tenth_system/scripts) by extensions ['colcon_pkg']
[1.694s] Level 1:colcon.colcon_core.package_identification:_identify(/home/jetson/f1tenth_ws/src/f1tenth_system/scripts) by extension 'colcon_pkg'
[1.695s] Level 1:colcon.colcon_core.package_identification:_identify(/home/jetson/f1tenth_ws/src/f1tenth_system/scripts) by extensions ['colcon_meta']
[1.695s] Level 1:colcon.colcon_core.package_identification:_identify(/home/jetson/f1tenth_ws/src/f1tenth_system/scripts) by extension 'colcon_meta'
[1.695s] Level 1:colcon.colcon_core.package_identification:_identify(/home/jetson/f1tenth_ws/src/f1tenth_system/scripts) by extensions ['ros']
[1.695s] Level 1:colcon.colcon_core.package_identification:_identify(/home/jetson/f1tenth_ws/src/f1tenth_system/scripts) by extension 'ros'
[1.696s] Level 1:colcon.colcon_core.package_identification:_identify(/home/jetson/f1tenth_ws/src/f1tenth_system/scripts) by extensions ['cmake', 'python']
[1.696s] Level 1:colcon.colcon_core.package_identification:_identify(/home/jetson/f1tenth_ws/src/f1tenth_system/scripts) by extension 'cmake'
[1.697s] Level 1:colcon.colcon_core.package_identification:_identify(/home/jetson/f1tenth_ws/src/f1tenth_system/scripts) by extension 'python'
[1.697s] Level 1:colcon.colcon_core.package_identification:_identify(/home/jetson/f1tenth_ws/src/f1tenth_system/scripts) by extensions ['python_setup_py']
[1.697s] Level 1:colcon.colcon_core.package_identification:_identify(/home/jetson/f1tenth_ws/src/f1tenth_system/scripts) by extension 'python_setup_py'
[1.698s] Level 1:colcon.colcon_core.package_identification:_identify(/home/jetson/f1tenth_ws/src/f1tenth_system/teleop_tools) by extensions ['ignore', 'ignore_ament_install']
[1.698s] Level 1:colcon.colcon_core.package_identification:_identify(/home/jetson/f1tenth_ws/src/f1tenth_system/teleop_tools) by extension 'ignore'
[1.699s] Level 1:colcon.colcon_core.package_identification:_identify(/home/jetson/f1tenth_ws/src/f1tenth_system/teleop_tools) by extension 'ignore_ament_install'
[1.699s] Level 1:colcon.colcon_core.package_identification:_identify(/home/jetson/f1tenth_ws/src/f1tenth_system/teleop_tools) by extensions ['colcon_pkg']
[1.699s] Level 1:colcon.colcon_core.package_identification:_identify(/home/jetson/f1tenth_ws/src/f1tenth_system/teleop_tools) by extension 'colcon_pkg'
[1.700s] Level 1:colcon.colcon_core.package_identification:_identify(/home/jetson/f1tenth_ws/src/f1tenth_system/teleop_tools) by extensions ['colcon_meta']
[1.700s] Level 1:colcon.colcon_core.package_identification:_identify(/home/jetson/f1tenth_ws/src/f1tenth_system/teleop_tools) by extension 'colcon_meta'
[1.700s] Level 1:colcon.colcon_core.package_identification:_identify(/home/jetson/f1tenth_ws/src/f1tenth_system/teleop_tools) by extensions ['ros']
[1.700s] Level 1:colcon.colcon_core.package_identification:_identify(/home/jetson/f1tenth_ws/src/f1tenth_system/teleop_tools) by extension 'ros'
[1.701s] Level 1:colcon.colcon_core.package_identification:_identify(/home/jetson/f1tenth_ws/src/f1tenth_system/teleop_tools) by extensions ['cmake', 'python']
[1.701s] Level 1:colcon.colcon_core.package_identification:_identify(/home/jetson/f1tenth_ws/src/f1tenth_system/teleop_tools) by extension 'cmake'
[1.701s] Level 1:colcon.colcon_core.package_identification:_identify(/home/jetson/f1tenth_ws/src/f1tenth_system/teleop_tools) by extension 'python'
[1.702s] Level 1:colcon.colcon_core.package_identification:_identify(/home/jetson/f1tenth_ws/src/f1tenth_system/teleop_tools) by extensions ['python_setup_py']
[1.702s] Level 1:colcon.colcon_core.package_identification:_identify(/home/jetson/f1tenth_ws/src/f1tenth_system/teleop_tools) by extension 'python_setup_py'
[1.703s] Level 1:colcon.colcon_core.package_identification:_identify(/home/jetson/f1tenth_ws/src/f1tenth_system/teleop_tools/joy_teleop) by extensions ['ignore', 'ignore_ament_install']
[1.703s] Level 1:colcon.colcon_core.package_identification:_identify(/home/jetson/f1tenth_ws/src/f1tenth_system/teleop_tools/joy_teleop) by extension 'ignore'
[1.704s] Level 1:colcon.colcon_core.package_identification:_identify(/home/jetson/f1tenth_ws/src/f1tenth_system/teleop_tools/joy_teleop) by extension 'ignore_ament_install'
[1.704s] Level 1:colcon.colcon_core.package_identification:_identify(/home/jetson/f1tenth_ws/src/f1tenth_system/teleop_tools/joy_teleop) by extensions ['colcon_pkg']
[1.704s] Level 1:colcon.colcon_core.package_identification:_identify(/home/jetson/f1tenth_ws/src/f1tenth_system/teleop_tools/joy_teleop) by extension 'colcon_pkg'
[1.705s] Level 1:colcon.colcon_core.package_identification:_identify(/home/jetson/f1tenth_ws/src/f1tenth_system/teleop_tools/joy_teleop) by extensions ['colcon_meta']
[1.705s] Level 1:colcon.colcon_core.package_identification:_identify(/home/jetson/f1tenth_ws/src/f1tenth_system/teleop_tools/joy_teleop) by extension 'colcon_meta'
[1.706s] Level 1:colcon.colcon_core.package_identification:_identify(/home/jetson/f1tenth_ws/src/f1tenth_system/teleop_tools/joy_teleop) by extensions ['ros']
[1.706s] Level 1:colcon.colcon_core.package_identification:_identify(/home/jetson/f1tenth_ws/src/f1tenth_system/teleop_tools/joy_teleop) by extension 'ros'
[1.711s] DEBUG:colcon.colcon_core.package_identification:Package '/home/jetson/f1tenth_ws/src/f1tenth_system/teleop_tools/joy_teleop' with type 'ros.ament_python' and name 'joy_teleop'
[1.712s] Level 1:colcon.colcon_core.package_identification:_identify(/home/jetson/f1tenth_ws/src/f1tenth_system/teleop_tools/key_teleop) by extensions ['ignore', 'ignore_ament_install']
[1.713s] Level 1:colcon.colcon_core.package_identification:_identify(/home/jetson/f1tenth_ws/src/f1tenth_system/teleop_tools/key_teleop) by extension 'ignore'
[1.713s] Level 1:colcon.colcon_core.package_identification:_identify(/home/jetson/f1tenth_ws/src/f1tenth_system/teleop_tools/key_teleop) by extension 'ignore_ament_install'
[1.714s] Level 1:colcon.colcon_core.package_identification:_identify(/home/jetson/f1tenth_ws/src/f1tenth_system/teleop_tools/key_teleop) by extensions ['colcon_pkg']
[1.714s] Level 1:colcon.colcon_core.package_identification:_identify(/home/jetson/f1tenth_ws/src/f1tenth_system/teleop_tools/key_teleop) by extension 'colcon_pkg'
[1.714s] Level 1:colcon.colcon_core.package_identification:_identify(/home/jetson/f1tenth_ws/src/f1tenth_system/teleop_tools/key_teleop) by extensions ['colcon_meta']
[1.714s] Level 1:colcon.colcon_core.package_identification:_identify(/home/jetson/f1tenth_ws/src/f1tenth_system/teleop_tools/key_teleop) by extension 'colcon_meta'
[1.715s] Level 1:colcon.colcon_core.package_identification:_identify(/home/jetson/f1tenth_ws/src/f1tenth_system/teleop_tools/key_teleop) by extensions ['ros']
[1.715s] Level 1:colcon.colcon_core.package_identification:_identify(/home/jetson/f1tenth_ws/src/f1tenth_system/teleop_tools/key_teleop) by extension 'ros'
[1.718s] DEBUG:colcon.colcon_core.package_identification:Package '/home/jetson/f1tenth_ws/src/f1tenth_system/teleop_tools/key_teleop' with type 'ros.ament_python' and name 'key_teleop'
[1.719s] Level 1:colcon.colcon_core.package_identification:_identify(/home/jetson/f1tenth_ws/src/f1tenth_system/teleop_tools/mouse_teleop) by extensions ['ignore', 'ignore_ament_install']
[1.720s] Level 1:colcon.colcon_core.package_identification:_identify(/home/jetson/f1tenth_ws/src/f1tenth_system/teleop_tools/mouse_teleop) by extension 'ignore'
[1.720s] Level 1:colcon.colcon_core.package_identification:_identify(/home/jetson/f1tenth_ws/src/f1tenth_system/teleop_tools/mouse_teleop) by extension 'ignore_ament_install'
[1.720s] Level 1:colcon.colcon_core.package_identification:_identify(/home/jetson/f1tenth_ws/src/f1tenth_system/teleop_tools/mouse_teleop) by extensions ['colcon_pkg']
[1.721s] Level 1:colcon.colcon_core.package_identification:_identify(/home/jetson/f1tenth_ws/src/f1tenth_system/teleop_tools/mouse_teleop) by extension 'colcon_pkg'
[1.721s] Level 1:colcon.colcon_core.package_identification:_identify(/home/jetson/f1tenth_ws/src/f1tenth_system/teleop_tools/mouse_teleop) by extensions ['colcon_meta']
[1.722s] Level 1:colcon.colcon_core.package_identification:_identify(/home/jetson/f1tenth_ws/src/f1tenth_system/teleop_tools/mouse_teleop) by extension 'colcon_meta'
[1.722s] Level 1:colcon.colcon_core.package_identification:_identify(/home/jetson/f1tenth_ws/src/f1tenth_system/teleop_tools/mouse_teleop) by extensions ['ros']
[1.722s] Level 1:colcon.colcon_core.package_identification:_identify(/home/jetson/f1tenth_ws/src/f1tenth_system/teleop_tools/mouse_teleop) by extension 'ros'
[1.726s] DEBUG:colcon.colcon_core.package_identification:Package '/home/jetson/f1tenth_ws/src/f1tenth_system/teleop_tools/mouse_teleop' with type 'ros.ament_python' and name 'mouse_teleop'
[1.727s] Level 1:colcon.colcon_core.package_identification:_identify(/home/jetson/f1tenth_ws/src/f1tenth_system/teleop_tools/teleop_tools) by extensions ['ignore', 'ignore_ament_install']
[1.727s] Level 1:colcon.colcon_core.package_identification:_identify(/home/jetson/f1tenth_ws/src/f1tenth_system/teleop_tools/teleop_tools) by extension 'ignore'
[1.728s] Level 1:colcon.colcon_core.package_identification:_identify(/home/jetson/f1tenth_ws/src/f1tenth_system/teleop_tools/teleop_tools) by extension 'ignore_ament_install'
[1.728s] Level 1:colcon.colcon_core.package_identification:_identify(/home/jetson/f1tenth_ws/src/f1tenth_system/teleop_tools/teleop_tools) by extensions ['colcon_pkg']
[1.728s] Level 1:colcon.colcon_core.package_identification:_identify(/home/jetson/f1tenth_ws/src/f1tenth_system/teleop_tools/teleop_tools) by extension 'colcon_pkg'
[1.728s] Level 1:colcon.colcon_core.package_identification:_identify(/home/jetson/f1tenth_ws/src/f1tenth_system/teleop_tools/teleop_tools) by extensions ['colcon_meta']
[1.729s] Level 1:colcon.colcon_core.package_identification:_identify(/home/jetson/f1tenth_ws/src/f1tenth_system/teleop_tools/teleop_tools) by extension 'colcon_meta'
[1.729s] Level 1:colcon.colcon_core.package_identification:_identify(/home/jetson/f1tenth_ws/src/f1tenth_system/teleop_tools/teleop_tools) by extensions ['ros']
[1.729s] Level 1:colcon.colcon_core.package_identification:_identify(/home/jetson/f1tenth_ws/src/f1tenth_system/teleop_tools/teleop_tools) by extension 'ros'
[1.733s] DEBUG:colcon.colcon_core.package_identification:Package '/home/jetson/f1tenth_ws/src/f1tenth_system/teleop_tools/teleop_tools' with type 'ros.ament_cmake' and name 'teleop_tools'
[1.734s] Level 1:colcon.colcon_core.package_identification:_identify(/home/jetson/f1tenth_ws/src/f1tenth_system/teleop_tools/teleop_tools_msgs) by extensions ['ignore', 'ignore_ament_install']
[1.735s] Level 1:colcon.colcon_core.package_identification:_identify(/home/jetson/f1tenth_ws/src/f1tenth_system/teleop_tools/teleop_tools_msgs) by extension 'ignore'
[1.735s] Level 1:colcon.colcon_core.package_identification:_identify(/home/jetson/f1tenth_ws/src/f1tenth_system/teleop_tools/teleop_tools_msgs) by extension 'ignore_ament_install'
[1.736s] Level 1:colcon.colcon_core.package_identification:_identify(/home/jetson/f1tenth_ws/src/f1tenth_system/teleop_tools/teleop_tools_msgs) by extensions ['colcon_pkg']
[1.736s] Level 1:colcon.colcon_core.package_identification:_identify(/home/jetson/f1tenth_ws/src/f1tenth_system/teleop_tools/teleop_tools_msgs) by extension 'colcon_pkg'
[1.736s] Level 1:colcon.colcon_core.package_identification:_identify(/home/jetson/f1tenth_ws/src/f1tenth_system/teleop_tools/teleop_tools_msgs) by extensions ['colcon_meta']
[1.736s] Level 1:colcon.colcon_core.package_identification:_identify(/home/jetson/f1tenth_ws/src/f1tenth_system/teleop_tools/teleop_tools_msgs) by extension 'colcon_meta'
[1.737s] Level 1:colcon.colcon_core.package_identification:_identify(/home/jetson/f1tenth_ws/src/f1tenth_system/teleop_tools/teleop_tools_msgs) by extensions ['ros']
[1.737s] Level 1:colcon.colcon_core.package_identification:_identify(/home/jetson/f1tenth_ws/src/f1tenth_system/teleop_tools/teleop_tools_msgs) by extension 'ros'
[1.745s] DEBUG:colcon.colcon_core.package_identification:Package '/home/jetson/f1tenth_ws/src/f1tenth_system/teleop_tools/teleop_tools_msgs' with type 'ros.ament_cmake' and name 'teleop_tools_msgs'
[1.746s] Level 1:colcon.colcon_core.package_identification:_identify(/home/jetson/f1tenth_ws/src/f1tenth_system/vesc) by extensions ['ignore', 'ignore_ament_install']
[1.747s] Level 1:colcon.colcon_core.package_identification:_identify(/home/jetson/f1tenth_ws/src/f1tenth_system/vesc) by extension 'ignore'
[1.747s] Level 1:colcon.colcon_core.package_identification:_identify(/home/jetson/f1tenth_ws/src/f1tenth_system/vesc) by extension 'ignore_ament_install'
[1.747s] Level 1:colcon.colcon_core.package_identification:_identify(/home/jetson/f1tenth_ws/src/f1tenth_system/vesc) by extensions ['colcon_pkg']
[1.747s] Level 1:colcon.colcon_core.package_identification:_identify(/home/jetson/f1tenth_ws/src/f1tenth_system/vesc) by extension 'colcon_pkg'
[1.748s] Level 1:colcon.colcon_core.package_identification:_identify(/home/jetson/f1tenth_ws/src/f1tenth_system/vesc) by extensions ['colcon_meta']
[1.748s] Level 1:colcon.colcon_core.package_identification:_identify(/home/jetson/f1tenth_ws/src/f1tenth_system/vesc) by extension 'colcon_meta'
[1.748s] Level 1:colcon.colcon_core.package_identification:_identify(/home/jetson/f1tenth_ws/src/f1tenth_system/vesc) by extensions ['ros']
[1.749s] Level 1:colcon.colcon_core.package_identification:_identify(/home/jetson/f1tenth_ws/src/f1tenth_system/vesc) by extension 'ros'
[1.749s] Level 1:colcon.colcon_core.package_identification:_identify(/home/jetson/f1tenth_ws/src/f1tenth_system/vesc) by extensions ['cmake', 'python']
[1.749s] Level 1:colcon.colcon_core.package_identification:_identify(/home/jetson/f1tenth_ws/src/f1tenth_system/vesc) by extension 'cmake'
[1.750s] Level 1:colcon.colcon_core.package_identification:_identify(/home/jetson/f1tenth_ws/src/f1tenth_system/vesc) by extension 'python'
[1.750s] Level 1:colcon.colcon_core.package_identification:_identify(/home/jetson/f1tenth_ws/src/f1tenth_system/vesc) by extensions ['python_setup_py']
[1.750s] Level 1:colcon.colcon_core.package_identification:_identify(/home/jetson/f1tenth_ws/src/f1tenth_system/vesc) by extension 'python_setup_py'
[1.751s] Level 1:colcon.colcon_core.package_identification:_identify(/home/jetson/f1tenth_ws/src/f1tenth_system/vesc/vesc) by extensions ['ignore', 'ignore_ament_install']
[1.752s] Level 1:colcon.colcon_core.package_identification:_identify(/home/jetson/f1tenth_ws/src/f1tenth_system/vesc/vesc) by extension 'ignore'
[1.752s] Level 1:colcon.colcon_core.package_identification:_identify(/home/jetson/f1tenth_ws/src/f1tenth_system/vesc/vesc) by extension 'ignore_ament_install'
[1.754s] Level 1:colcon.colcon_core.package_identification:_identify(/home/jetson/f1tenth_ws/src/f1tenth_system/vesc/vesc) by extensions ['colcon_pkg']
[1.754s] Level 1:colcon.colcon_core.package_identification:_identify(/home/jetson/f1tenth_ws/src/f1tenth_system/vesc/vesc) by extension 'colcon_pkg'
[1.754s] Level 1:colcon.colcon_core.package_identification:_identify(/home/jetson/f1tenth_ws/src/f1tenth_system/vesc/vesc) by extensions ['colcon_meta']
[1.754s] Level 1:colcon.colcon_core.package_identification:_identify(/home/jetson/f1tenth_ws/src/f1tenth_system/vesc/vesc) by extension 'colcon_meta'
[1.755s] Level 1:colcon.colcon_core.package_identification:_identify(/home/jetson/f1tenth_ws/src/f1tenth_system/vesc/vesc) by extensions ['ros']
[1.755s] Level 1:colcon.colcon_core.package_identification:_identify(/home/jetson/f1tenth_ws/src/f1tenth_system/vesc/vesc) by extension 'ros'
[1.758s] DEBUG:colcon.colcon_core.package_identification:Package '/home/jetson/f1tenth_ws/src/f1tenth_system/vesc/vesc' with type 'ros.ament_cmake' and name 'vesc'
[1.759s] Level 1:colcon.colcon_core.package_identification:_identify(/home/jetson/f1tenth_ws/src/f1tenth_system/vesc/vesc_ackermann) by extensions ['ignore', 'ignore_ament_install']
[1.760s] Level 1:colcon.colcon_core.package_identification:_identify(/home/jetson/f1tenth_ws/src/f1tenth_system/vesc/vesc_ackermann) by extension 'ignore'
[1.760s] Level 1:colcon.colcon_core.package_identification:_identify(/home/jetson/f1tenth_ws/src/f1tenth_system/vesc/vesc_ackermann) by extension 'ignore_ament_install'
[1.760s] Level 1:colcon.colcon_core.package_identification:_identify(/home/jetson/f1tenth_ws/src/f1tenth_system/vesc/vesc_ackermann) by extensions ['colcon_pkg']
[1.761s] Level 1:colcon.colcon_core.package_identification:_identify(/home/jetson/f1tenth_ws/src/f1tenth_system/vesc/vesc_ackermann) by extension 'colcon_pkg'
[1.761s] Level 1:colcon.colcon_core.package_identification:_identify(/home/jetson/f1tenth_ws/src/f1tenth_system/vesc/vesc_ackermann) by extensions ['colcon_meta']
[1.761s] Level 1:colcon.colcon_core.package_identification:_identify(/home/jetson/f1tenth_ws/src/f1tenth_system/vesc/vesc_ackermann) by extension 'colcon_meta'
[1.762s] Level 1:colcon.colcon_core.package_identification:_identify(/home/jetson/f1tenth_ws/src/f1tenth_system/vesc/vesc_ackermann) by extensions ['ros']
[1.762s] Level 1:colcon.colcon_core.package_identification:_identify(/home/jetson/f1tenth_ws/src/f1tenth_system/vesc/vesc_ackermann) by extension 'ros'
[1.768s] DEBUG:colcon.colcon_core.package_identification:Package '/home/jetson/f1tenth_ws/src/f1tenth_system/vesc/vesc_ackermann' with type 'ros.ament_cmake' and name 'vesc_ackermann'
[1.769s] Level 1:colcon.colcon_core.package_identification:_identify(/home/jetson/f1tenth_ws/src/f1tenth_system/vesc/vesc_driver) by extensions ['ignore', 'ignore_ament_install']
[1.769s] Level 1:colcon.colcon_core.package_identification:_identify(/home/jetson/f1tenth_ws/src/f1tenth_system/vesc/vesc_driver) by extension 'ignore'
[1.770s] Level 1:colcon.colcon_core.package_identification:_identify(/home/jetson/f1tenth_ws/src/f1tenth_system/vesc/vesc_driver) by extension 'ignore_ament_install'
[1.770s] Level 1:colcon.colcon_core.package_identification:_identify(/home/jetson/f1tenth_ws/src/f1tenth_system/vesc/vesc_driver) by extensions ['colcon_pkg']
[1.770s] Level 1:colcon.colcon_core.package_identification:_identify(/home/jetson/f1tenth_ws/src/f1tenth_system/vesc/vesc_driver) by extension 'colcon_pkg'
[1.771s] Level 1:colcon.colcon_core.package_identification:_identify(/home/jetson/f1tenth_ws/src/f1tenth_system/vesc/vesc_driver) by extensions ['colcon_meta']
[1.771s] Level 1:colcon.colcon_core.package_identification:_identify(/home/jetson/f1tenth_ws/src/f1tenth_system/vesc/vesc_driver) by extension 'colcon_meta'
[1.771s] Level 1:colcon.colcon_core.package_identification:_identify(/home/jetson/f1tenth_ws/src/f1tenth_system/vesc/vesc_driver) by extensions ['ros']
[1.772s] Level 1:colcon.colcon_core.package_identification:_identify(/home/jetson/f1tenth_ws/src/f1tenth_system/vesc/vesc_driver) by extension 'ros'
[1.778s] DEBUG:colcon.colcon_core.package_identification:Package '/home/jetson/f1tenth_ws/src/f1tenth_system/vesc/vesc_driver' with type 'ros.ament_cmake' and name 'vesc_driver'
[1.779s] Level 1:colcon.colcon_core.package_identification:_identify(/home/jetson/f1tenth_ws/src/f1tenth_system/vesc/vesc_msgs) by extensions ['ignore', 'ignore_ament_install']
[1.780s] Level 1:colcon.colcon_core.package_identification:_identify(/home/jetson/f1tenth_ws/src/f1tenth_system/vesc/vesc_msgs) by extension 'ignore'
[1.780s] Level 1:colcon.colcon_core.package_identification:_identify(/home/jetson/f1tenth_ws/src/f1tenth_system/vesc/vesc_msgs) by extension 'ignore_ament_install'
[1.781s] Level 1:colcon.colcon_core.package_identification:_identify(/home/jetson/f1tenth_ws/src/f1tenth_system/vesc/vesc_msgs) by extensions ['colcon_pkg']
[1.781s] Level 1:colcon.colcon_core.package_identification:_identify(/home/jetson/f1tenth_ws/src/f1tenth_system/vesc/vesc_msgs) by extension 'colcon_pkg'
[1.781s] Level 1:colcon.colcon_core.package_identification:_identify(/home/jetson/f1tenth_ws/src/f1tenth_system/vesc/vesc_msgs) by extensions ['colcon_meta']
[1.782s] Level 1:colcon.colcon_core.package_identification:_identify(/home/jetson/f1tenth_ws/src/f1tenth_system/vesc/vesc_msgs) by extension 'colcon_meta'
[1.782s] Level 1:colcon.colcon_core.package_identification:_identify(/home/jetson/f1tenth_ws/src/f1tenth_system/vesc/vesc_msgs) by extensions ['ros']
[1.782s] Level 1:colcon.colcon_core.package_identification:_identify(/home/jetson/f1tenth_ws/src/f1tenth_system/vesc/vesc_msgs) by extension 'ros'
[1.788s] DEBUG:colcon.colcon_core.package_identification:Package '/home/jetson/f1tenth_ws/src/f1tenth_system/vesc/vesc_msgs' with type 'ros.ament_cmake' and name 'vesc_msgs'
[1.789s] Level 1:colcon.colcon_core.package_identification:_identify(/home/jetson/f1tenth_ws/src/install) by extensions ['ignore', 'ignore_ament_install']
[1.789s] Level 1:colcon.colcon_core.package_identification:_identify(/home/jetson/f1tenth_ws/src/install) by extension 'ignore'
[1.790s] Level 1:colcon.colcon_core.package_identification:_identify(/home/jetson/f1tenth_ws/src/install) ignored
[1.790s] Level 1:colcon.colcon_core.package_identification:_identify(/home/jetson/f1tenth_ws/src/log) by extensions ['ignore', 'ignore_ament_install']
[1.791s] Level 1:colcon.colcon_core.package_identification:_identify(/home/jetson/f1tenth_ws/src/log) by extension 'ignore'
[1.791s] Level 1:colcon.colcon_core.package_identification:_identify(/home/jetson/f1tenth_ws/src/log) ignored
[1.791s] Level 1:colcon.colcon_core.package_discovery:discover_packages(recursive) using defaults
