[1.751s] DEBUG:colcon:Command line arguments: ['/usr/bin/colcon', 'build']
[1.752s] DEBUG:colcon:Parsed command line arguments: Namespace(allow_overriding=[], ament_cmake_args=None, base_paths=['.'], build_base='build', catkin_cmake_args=None, catkin_skip_building_tests=False, cmake_args=None, cmake_clean_cache=False, cmake_clean_first=False, cmake_force_configure=False, cmake_target=None, cmake_target_skip_unavailable=False, continue_on_error=False, event_handlers=None, executor='parallel', ignore_user_meta=False, install_base='install', log_base=None, log_level=None, main=<bound method BuildVerb.main of <colcon_core.verb.build.BuildVerb object at 0xffffad4c3640>>, merge_install=False, metas=['./colcon.meta'], mixin=None, mixin_files=None, mixin_verb=('build',), packages_above=None, packages_above_and_dependencies=None, packages_above_depth=None, packages_end=None, packages_ignore=None, packages_ignore_regex=None, packages_select=None, packages_select_build_failed=False, packages_select_by_dep=None, packages_select_regex=None, packages_select_test_failures=False, packages_skip=None, packages_skip_build_finished=False, packages_skip_by_dep=None, packages_skip_regex=None, packages_skip_test_passed=False, packages_skip_up_to=None, packages_start=None, packages_up_to=None, packages_up_to_regex=None, parallel_workers=6, paths=None, symlink_install=False, test_result_base=None, verb_extension=<colcon_core.verb.build.BuildVerb object at 0xffffad4c3640>, verb_name='build', verb_parser=<colcon_mixin.mixin.mixin_argument.MixinArgumentDecorator object at 0xffffad373c70>)
[2.103s] Level 1:colcon.colcon_core.package_discovery:discover_packages(colcon_meta) check parameters
[2.104s] Level 1:colcon.colcon_core.package_discovery:discover_packages(recursive) check parameters
[2.104s] Level 1:colcon.colcon_core.package_discovery:discover_packages(ignore) check parameters
[2.104s] Level 1:colcon.colcon_core.package_discovery:discover_packages(path) check parameters
[2.104s] Level 1:colcon.colcon_core.package_discovery:discover_packages(colcon_meta) discover
[2.105s] Level 1:colcon.colcon_core.package_discovery:discover_packages(recursive) discover
[2.105s] INFO:colcon.colcon_core.package_discovery:Crawling recursively for packages in '/home/jetson/f1tenth_ws/src/auto_drive'
[2.106s] Level 1:colcon.colcon_core.package_identification:_identify(.) by extensions ['ignore', 'ignore_ament_install']
[2.106s] Level 1:colcon.colcon_core.package_identification:_identify(.) by extension 'ignore'
[2.107s] Level 1:colcon.colcon_core.package_identification:_identify(.) by extension 'ignore_ament_install'
[2.107s] Level 1:colcon.colcon_core.package_identification:_identify(.) by extensions ['colcon_pkg']
[2.107s] Level 1:colcon.colcon_core.package_identification:_identify(.) by extension 'colcon_pkg'
[2.108s] Level 1:colcon.colcon_core.package_identification:_identify(.) by extensions ['colcon_meta']
[2.108s] Level 1:colcon.colcon_core.package_identification:_identify(.) by extension 'colcon_meta'
[2.108s] Level 1:colcon.colcon_core.package_identification:_identify(.) by extensions ['ros']
[2.108s] Level 1:colcon.colcon_core.package_identification:_identify(.) by extension 'ros'
[2.221s] DEBUG:colcon.colcon_core.package_identification:Package '.' with type 'ros.ament_python' and name 'auto_drive'
[2.221s] Level 1:colcon.colcon_core.package_discovery:discover_packages(recursive) using defaults
[2.222s] Level 1:colcon.colcon_core.package_discovery:discover_packages(ignore) discover
[2.222s] Level 1:colcon.colcon_core.package_discovery:discover_packages(ignore) using defaults
[2.222s] Level 1:colcon.colcon_core.package_discovery:discover_packages(path) discover
[2.222s] Level 1:colcon.colcon_core.package_discovery:discover_packages(path) using defaults
[2.357s] Level 1:colcon.colcon_core.package_discovery:discover_packages(prefix_path) check parameters
[2.357s] Level 1:colcon.colcon_core.package_discovery:discover_packages(prefix_path) discover
[2.379s] DEBUG:colcon.colcon_installed_package_information.package_discovery:Found 12 installed packages in /home/jetson/f1tenth_ws/install
[2.390s] DEBUG:colcon.colcon_installed_package_information.package_discovery:Found 285 installed packages in /opt/ros/foxy
[2.402s] Level 1:colcon.colcon_core.package_discovery:discover_packages(prefix_path) using defaults
[2.820s] Level 5:colcon.colcon_core.verb:set package 'auto_drive' build argument 'cmake_args' from command line to 'None'
[2.821s] Level 5:colcon.colcon_core.verb:set package 'auto_drive' build argument 'cmake_target' from command line to 'None'
[2.821s] Level 5:colcon.colcon_core.verb:set package 'auto_drive' build argument 'cmake_target_skip_unavailable' from command line to 'False'
[2.821s] Level 5:colcon.colcon_core.verb:set package 'auto_drive' build argument 'cmake_clean_cache' from command line to 'False'
[2.821s] Level 5:colcon.colcon_core.verb:set package 'auto_drive' build argument 'cmake_clean_first' from command line to 'False'
[2.821s] Level 5:colcon.colcon_core.verb:set package 'auto_drive' build argument 'cmake_force_configure' from command line to 'False'
[2.822s] Level 5:colcon.colcon_core.verb:set package 'auto_drive' build argument 'ament_cmake_args' from command line to 'None'
[2.822s] Level 5:colcon.colcon_core.verb:set package 'auto_drive' build argument 'catkin_cmake_args' from command line to 'None'
[2.822s] Level 5:colcon.colcon_core.verb:set package 'auto_drive' build argument 'catkin_skip_building_tests' from command line to 'False'
[2.822s] DEBUG:colcon.colcon_core.verb:Building package 'auto_drive' with the following arguments: {'ament_cmake_args': None, 'build_base': '/home/jetson/f1tenth_ws/src/auto_drive/build/auto_drive', 'catkin_cmake_args': None, 'catkin_skip_building_tests': False, 'cmake_args': None, 'cmake_clean_cache': False, 'cmake_clean_first': False, 'cmake_force_configure': False, 'cmake_target': None, 'cmake_target_skip_unavailable': False, 'install_base': '/home/jetson/f1tenth_ws/src/auto_drive/install/auto_drive', 'merge_install': False, 'path': '/home/jetson/f1tenth_ws/src/auto_drive', 'symlink_install': False, 'test_result_base': None}
[2.823s] INFO:colcon.colcon_core.executor:Executing jobs using 'parallel' executor
[2.829s] DEBUG:colcon.colcon_parallel_executor.executor.parallel:run_until_complete
[2.830s] INFO:colcon.colcon_ros.task.ament_python.build:Building ROS package in '/home/jetson/f1tenth_ws/src/auto_drive' with build type 'ament_python'
[2.832s] Level 1:colcon.colcon_core.shell:create_environment_hook('auto_drive', 'ament_prefix_path')
[2.852s] INFO:colcon.colcon_core.plugin_system:Skipping extension 'colcon_core.shell.bat': Not used on non-Windows systems
[2.853s] INFO:colcon.colcon_core.shell:Creating environment hook '/home/jetson/f1tenth_ws/src/auto_drive/install/auto_drive/share/auto_drive/hook/ament_prefix_path.ps1'
[2.859s] INFO:colcon.colcon_core.shell:Creating environment descriptor '/home/jetson/f1tenth_ws/src/auto_drive/install/auto_drive/share/auto_drive/hook/ament_prefix_path.dsv'
[2.863s] INFO:colcon.colcon_core.shell:Creating environment hook '/home/jetson/f1tenth_ws/src/auto_drive/install/auto_drive/share/auto_drive/hook/ament_prefix_path.sh'
[2.869s] INFO:colcon.colcon_core.shell:Skip shell extension 'powershell' for command environment: Not usable outside of PowerShell
[2.869s] DEBUG:colcon.colcon_core.shell:Skip shell extension 'dsv' for command environment
[4.283s] INFO:colcon.colcon_core.task.python.build:Building Python package in '/home/jetson/f1tenth_ws/src/auto_drive'
[4.290s] INFO:colcon.colcon_core.shell:Skip shell extension 'powershell' for command environment: Not usable outside of PowerShell
[4.290s] DEBUG:colcon.colcon_core.shell:Skip shell extension 'dsv' for command environment
[7.828s] DEBUG:colcon.colcon_core.event_handler.log_command:Invoking command in '/home/jetson/f1tenth_ws/src/auto_drive': NX_CONNECTION=192.168.1.8 58977 192.168.1.10 4000 PYTHONPATH=/home/jetson/f1tenth_ws/src/auto_drive/build/auto_drive/prefix_override:/usr/lib/python3/dist-packages/colcon_core/task/python/colcon_distutils_commands:/home/jetson/f1tenth_ws/src/auto_drive/install/auto_drive/lib/python3.8/site-packages:${PYTHONPATH} /usr/bin/python3 -W ignore:setup.py install is deprecated -W ignore:easy_install command is deprecated setup.py egg_info --egg-base build/auto_drive build --build-base /home/jetson/f1tenth_ws/src/auto_drive/build/auto_drive/build install --record /home/jetson/f1tenth_ws/src/auto_drive/build/auto_drive/install.log --install-scripts $base/lib/auto_drive --single-version-externally-managed install_data
[10.994s] DEBUG:colcon.colcon_core.event_handler.log_command:Invoked command in '/home/jetson/f1tenth_ws/src/auto_drive' returned '0': NX_CONNECTION=192.168.1.8 58977 192.168.1.10 4000 PYTHONPATH=/home/jetson/f1tenth_ws/src/auto_drive/build/auto_drive/prefix_override:/usr/lib/python3/dist-packages/colcon_core/task/python/colcon_distutils_commands:/home/jetson/f1tenth_ws/src/auto_drive/install/auto_drive/lib/python3.8/site-packages:${PYTHONPATH} /usr/bin/python3 -W ignore:setup.py install is deprecated -W ignore:easy_install command is deprecated setup.py egg_info --egg-base build/auto_drive build --build-base /home/jetson/f1tenth_ws/src/auto_drive/build/auto_drive/build install --record /home/jetson/f1tenth_ws/src/auto_drive/build/auto_drive/install.log --install-scripts $base/lib/auto_drive --single-version-externally-managed install_data
[11.022s] Level 1:colcon.colcon_core.environment:checking '/home/jetson/f1tenth_ws/src/auto_drive/install/auto_drive' for CMake module files
[11.025s] Level 1:colcon.colcon_core.environment:checking '/home/jetson/f1tenth_ws/src/auto_drive/install/auto_drive' for CMake config files
[11.032s] Level 1:colcon.colcon_core.environment:checking '/home/jetson/f1tenth_ws/src/auto_drive/install/auto_drive/lib'
[11.034s] Level 1:colcon.colcon_core.environment:checking '/home/jetson/f1tenth_ws/src/auto_drive/install/auto_drive/bin'
[11.035s] Level 1:colcon.colcon_core.environment:checking '/home/jetson/f1tenth_ws/src/auto_drive/install/auto_drive/lib/pkgconfig/auto_drive.pc'
[11.037s] Level 1:colcon.colcon_core.environment:checking '/home/jetson/f1tenth_ws/src/auto_drive/install/auto_drive/lib/python3.8/site-packages'
[11.037s] Level 1:colcon.colcon_core.shell:create_environment_hook('auto_drive', 'pythonpath')
[11.039s] INFO:colcon.colcon_core.shell:Creating environment hook '/home/jetson/f1tenth_ws/src/auto_drive/install/auto_drive/share/auto_drive/hook/pythonpath.ps1'
[11.042s] INFO:colcon.colcon_core.shell:Creating environment descriptor '/home/jetson/f1tenth_ws/src/auto_drive/install/auto_drive/share/auto_drive/hook/pythonpath.dsv'
[11.045s] INFO:colcon.colcon_core.shell:Creating environment hook '/home/jetson/f1tenth_ws/src/auto_drive/install/auto_drive/share/auto_drive/hook/pythonpath.sh'
[11.049s] Level 1:colcon.colcon_core.environment:checking '/home/jetson/f1tenth_ws/src/auto_drive/install/auto_drive/bin'
[11.050s] Level 1:colcon.colcon_core.environment:create_environment_scripts_only(auto_drive)
[11.051s] INFO:colcon.colcon_core.shell:Creating package script '/home/jetson/f1tenth_ws/src/auto_drive/install/auto_drive/share/auto_drive/package.ps1'
[11.058s] INFO:colcon.colcon_core.shell:Creating package descriptor '/home/jetson/f1tenth_ws/src/auto_drive/install/auto_drive/share/auto_drive/package.dsv'
[11.063s] INFO:colcon.colcon_core.shell:Creating package script '/home/jetson/f1tenth_ws/src/auto_drive/install/auto_drive/share/auto_drive/package.sh'
[11.069s] INFO:colcon.colcon_core.shell:Creating package script '/home/jetson/f1tenth_ws/src/auto_drive/install/auto_drive/share/auto_drive/package.bash'
[11.074s] INFO:colcon.colcon_core.shell:Creating package script '/home/jetson/f1tenth_ws/src/auto_drive/install/auto_drive/share/auto_drive/package.zsh'
[11.079s] Level 1:colcon.colcon_core.environment:create_file_with_runtime_dependencies(/home/jetson/f1tenth_ws/src/auto_drive/install/auto_drive/share/colcon-core/packages/auto_drive)
[11.081s] DEBUG:colcon.colcon_parallel_executor.executor.parallel:closing loop
[11.083s] DEBUG:colcon.colcon_parallel_executor.executor.parallel:loop closed
[11.085s] DEBUG:colcon.colcon_parallel_executor.executor.parallel:run_until_complete finished with '0'
[11.086s] DEBUG:colcon.colcon_core.event_reactor:joining thread
[11.118s] INFO:colcon.colcon_core.plugin_system:Skipping extension 'colcon_notification.desktop_notification.terminal_notifier': Not used on non-Darwin systems
[11.119s] INFO:colcon.colcon_core.plugin_system:Skipping extension 'colcon_notification.desktop_notification.win32': Not used on non-Windows systems
[11.119s] INFO:colcon.colcon_notification.desktop_notification:Sending desktop notification using 'notify2'
[11.259s] DEBUG:colcon.colcon_core.event_reactor:joined thread
[11.261s] INFO:colcon.colcon_core.shell:Creating prefix script '/home/jetson/f1tenth_ws/src/auto_drive/install/local_setup.ps1'
[11.269s] INFO:colcon.colcon_core.shell:Creating prefix util module '/home/jetson/f1tenth_ws/src/auto_drive/install/_local_setup_util_ps1.py'
[11.278s] INFO:colcon.colcon_core.shell:Creating prefix chain script '/home/jetson/f1tenth_ws/src/auto_drive/install/setup.ps1'
[11.290s] INFO:colcon.colcon_core.shell:Creating prefix script '/home/jetson/f1tenth_ws/src/auto_drive/install/local_setup.sh'
[11.294s] INFO:colcon.colcon_core.shell:Creating prefix util module '/home/jetson/f1tenth_ws/src/auto_drive/install/_local_setup_util_sh.py'
[11.298s] INFO:colcon.colcon_core.shell:Creating prefix chain script '/home/jetson/f1tenth_ws/src/auto_drive/install/setup.sh'
[11.308s] INFO:colcon.colcon_core.shell:Creating prefix script '/home/jetson/f1tenth_ws/src/auto_drive/install/local_setup.bash'
[11.314s] INFO:colcon.colcon_core.shell:Creating prefix chain script '/home/jetson/f1tenth_ws/src/auto_drive/install/setup.bash'
[11.325s] INFO:colcon.colcon_core.shell:Creating prefix script '/home/jetson/f1tenth_ws/src/auto_drive/install/local_setup.zsh'
[11.329s] INFO:colcon.colcon_core.shell:Creating prefix chain script '/home/jetson/f1tenth_ws/src/auto_drive/install/setup.zsh'
